// Jest Snapshot v1, https://goo.gl/fbAQLP

exports[`button renders properly 1`] = `
<styled.button
  className="main-btn"
>
  START
</styled.button>
`;
