// Jest Snapshot v1, https://goo.gl/fbAQLP

exports[`Overlay renders properly 1`] = `
<div
  className="sc-bdVaJa dkzApV"
/>
`;
